../Core/Src/main.c:121:6:HAL_TIM_PeriodElapsedCallback	16	static
../Core/Src/main.c:266:5:main	16	static
../Core/Src/main.c:427:6:SystemClock_Config	88	static
../Core/Src/main.c:474:13:MX_I2C3_Init	8	static
../Core/Src/main.c:508:13:MX_TIM1_Init	80	static
../Core/Src/main.c:585:13:MX_TIM2_Init	48	static
../Core/Src/main.c:638:13:MX_TIM3_Init	48	static
../Core/Src/main.c:691:13:MX_TIM5_Init	48	static
../Core/Src/main.c:740:13:MX_TIM6_Init	16	static
../Core/Src/main.c:778:13:MX_TIM7_Init	16	static
../Core/Src/main.c:816:13:MX_TIM9_Init	40	static
../Core/Src/main.c:858:13:MX_TIM10_Init	8	static
../Core/Src/main.c:889:13:MX_UART4_Init	8	static
../Core/Src/main.c:922:13:MX_USART1_UART_Init	8	static
../Core/Src/main.c:955:13:MX_GPIO_Init	48	static
../Core/Src/main.c:1081:6:Error_Handler	4	static,ignoring_inline_asm
